Menu Principal
1 - Abrir dados
2 - Guardar dados
3 - Ver data
4 - Avançar data
5 - Menu de gestão de utentes
6 - Menu de gestão de obras
7 - Menu de gestão de requisições
0 - Sair
Escolha uma opção: Menu de Gestão de Requisições
1 - Requisitar obra
2 - Devolver obra
0 - Sair
Escolha uma opção: Introduza o número de utente: Introduza o número da obra: Requisitar obra: Operação inválida: O utente 1 não pode requisitar a obra 2. Violação da regra 6.
Menu de Gestão de Requisições
1 - Requisitar obra
2 - Devolver obra
0 - Sair
Escolha uma opção: Introduza o número de utente: Introduza o número da obra: A obra 6 deve ser devolvida no dia 8.
Menu de Gestão de Requisições
1 - Requisitar obra
2 - Devolver obra
0 - Sair
Escolha uma opção: Introduza o número de utente: Introduza o número da obra: A obra 6 deve ser devolvida no dia 8.
Menu de Gestão de Requisições
1 - Requisitar obra
2 - Devolver obra
0 - Sair
Escolha uma opção: Introduza o número de utente: Introduza o número da obra: A obra 6 deve ser devolvida no dia 8.
Menu de Gestão de Requisições
1 - Requisitar obra
2 - Devolver obra
0 - Sair
Escolha uma opção: Introduza o número de utente: Introduza o número da obra: A obra 6 deve ser devolvida no dia 8.
Menu de Gestão de Requisições
1 - Requisitar obra
2 - Devolver obra
0 - Sair
Escolha uma opção: Introduza o número de utente: Introduza o número da obra: A obra 6 deve ser devolvida no dia 8.
Menu de Gestão de Requisições
1 - Requisitar obra
2 - Devolver obra
0 - Sair
Escolha uma opção: Introduza o número de utente: Introduza o número da obra: Deseja ser avisado quando algum exemplar for devolvido (s/n)? Menu de Gestão de Requisições
1 - Requisitar obra
2 - Devolver obra
0 - Sair
Escolha uma opção: Introduza o número de utente: Introduza o número da obra: Deseja ser avisado quando algum exemplar for devolvido (s/n)? Menu de Gestão de Requisições
1 - Requisitar obra
2 - Devolver obra
0 - Sair
Escolha uma opção: Introduza o número de utente: Introduza o número da obra: Menu de Gestão de Requisições
1 - Requisitar obra
2 - Devolver obra
0 - Sair
Escolha uma opção: Introduza o número de utente: Introduza o número da obra: Devolver obra: Operação inválida: A obra 6 não foi requisitada pelo utente 1.
Menu de Gestão de Requisições
1 - Requisitar obra
2 - Devolver obra
0 - Sair
Escolha uma opção: Introduza o número de utente: Introduza o número da obra: Menu de Gestão de Requisições
1 - Requisitar obra
2 - Devolver obra
0 - Sair
Escolha uma opção: Introduza o número de utente: Introduza o número da obra: Menu de Gestão de Requisições
1 - Requisitar obra
2 - Devolver obra
0 - Sair
Escolha uma opção: Menu Principal
1 - Abrir dados
2 - Guardar dados
3 - Ver data
4 - Avançar data
5 - Menu de gestão de utentes
6 - Menu de gestão de obras
7 - Menu de gestão de requisições
0 - Sair
Escolha uma opção: Menu de Gestão de Utentes
1 - Registar utente
2 - Mostrar utente
3 - Listar utentes
4 - Mostrar notificações de utente
5 - Saldar multa de utente
0 - Sair
Escolha uma opção: Introduza o número de utente: ENTREGA: 6 - 1 de 5 - DVD - Lumiar Selvagem - 20 - Ficção - Pedro Fonseca - 200505551
Menu de Gestão de Utentes
1 - Registar utente
2 - Mostrar utente
3 - Listar utentes
4 - Mostrar notificações de utente
5 - Saldar multa de utente
0 - Sair
Escolha uma opção: Introduza o número de utente: ENTREGA: 6 - 1 de 5 - DVD - Lumiar Selvagem - 20 - Ficção - Pedro Fonseca - 200505551
Menu de Gestão de Utentes
1 - Registar utente
2 - Mostrar utente
3 - Listar utentes
4 - Mostrar notificações de utente
5 - Saldar multa de utente
0 - Sair
Escolha uma opção: Menu Principal
1 - Abrir dados
2 - Guardar dados
3 - Ver data
4 - Avançar data
5 - Menu de gestão de utentes
6 - Menu de gestão de obras
7 - Menu de gestão de requisições
0 - Sair
Escolha uma opção: 